<html>
<body>
<pre>
<h1>µVision Build Log</h1>
<h2>Tool Versions:</h2>
IDE-Version: µVision V5.20.0.0
Copyright (C) 2016 ARM Ltd and ARM Germany GmbH. All rights reserved.
License Information: day ho, uit, LIC=GMZ74-FZDGW-U4NS7-EH8E8-22WWE-7CLHV
 
Tool Versions:
Toolchain:       MDK-ARM Plus  Version: 5.20
Toolchain Path:  E:\Study Program\Keil_v5\ARM\ARMCC\Bin
C Compiler:      Armcc.exe V5.06 update 2 (build 183)
Assembler:       Armasm.exe V5.06 update 2 (build 183)
Linker/Locator:  ArmLink.exe V5.06 update 2 (build 183)
Library Manager: ArmAr.exe V5.06 update 2 (build 183)
Hex Converter:   FromElf.exe V5.06 update 2 (build 183)
CPU DLL:         SARMCM3.DLL V5.20
Dialog DLL:      DCM.DLL V1.13.7.0
Target DLL:      STLink\ST-LINKIII-KEIL_SWO.dll V2.0.18.0
Dialog DLL:      TCM.DLL V1.14.9.0
 
<h2>Project:</h2>
C:\Users\day\Desktop\Final-Code-E-Desk-master\MDK-ARM\MAIN_BOARD.uvprojx
Project File Date:  09/22/2016

<h2>Output:</h2>
*** Using Compiler 'V5.06 update 2 (build 183)', folder: 'E:\Study Program\Keil_v5\ARM\ARMCC\Bin'
Build target 'STM32F407'
compiling system_stm32f4xx.c...
linking...
.\Objects\MAIN_BOARD.axf: Warning: L6304W: Duplicate input file .\objects\system_stm32f4xx_1.o ignored.
Program Size: Code=28480 RO-data=11172 RW-data=824 ZI-data=81128  
Finished: 0 information, 1 warning and 0 error messages.
FromELF: creating hex file...
".\Objects\MAIN_BOARD.axf" - 0 Error(s), 1 Warning(s).

<h2>Collection of Component include folders:</h2>
  C:\Users\day\Desktop\Final-Code-E-Desk-master\MDK-ARM\RTE
  E:\Study Program\Keil_v5\ARM\PACK\Keil\STM32F4xx_DFP\2.10.0\Drivers\CMSIS\Device\ST\STM32F4xx\Include

<h2>Collection of Component Files used:</h2>
Build Time Elapsed:  00:00:04
</pre>
</body>
</html>
