<html>
<body>
<pre>
<h1>µVision Build Log</h1>
<h2>Tool Versions:</h2>
IDE-Version: µVision V5.21.1.0
Copyright (C) 2016 ARM Ltd and ARM Germany GmbH. All rights reserved.
License Information: Dat Nguyen, UIT, LIC=32BTG-VKKW7-9TT3L-0NAWZ-NB0KI-A1E5L
 
Tool Versions:
Toolchain:       MDK-ARM Plus  Version: 5.21a
Toolchain Path:  C:\Keil_v5\ARM\ARMCC\Bin
C Compiler:      Armcc.exe V5.06 update 3 (build 300)
Assembler:       Armasm.exe V5.06 update 3 (build 300)
Linker/Locator:  ArmLink.exe V5.06 update 3 (build 300)
Library Manager: ArmAr.exe V5.06 update 3 (build 300)
Hex Converter:   FromElf.exe V5.06 update 3 (build 300)
CPU DLL:         SARMCM3.DLL V5.21a
Dialog DLL:      DCM.DLL V1.13.8.0
Target DLL:      STLink\ST-LINKIII-KEIL_SWO.dll V2.0.18.0
Dialog DLL:      TCM.DLL V1.14.14.0
 
<h2>Project:</h2>
F:\TIDAT_Study\NCKH2015\EDESK\Version1\MDK-ARM\MAIN_BOARD.uvprojx
Project File Date:  10/01/2016

<h2>Output:</h2>
*** Using Compiler 'V5.06 update 3 (build 300)', folder: 'C:\Keil_v5\ARM\ARMCC\Bin'
Build target 'STM32F407'
compiling main.c...
..\User\main.c(198): warning:  #940-D: missing return statement at end of non-void function "newREMINDER"
  }
..\User\main.c(190): warning:  #550-D: variable "temp" was set but never used
      REMINDER temp;
..\User\main.c(263): warning:  #177-D: variable "currentCompare" was declared but never referenced
          long currentCompare;
..\User\main.c(264): warning:  #177-D: variable "nextCompare" was declared but never referenced
          long nextCompare;
..\User\main.c(507): warning:  #177-D: variable "index" was declared but never referenced
          int index =0;
..\User\main.c: 5 warnings, 0 errors
linking...
.\Objects\MAIN_BOARD.axf: Warning: L6304W: Duplicate input file .\objects\system_stm32f4xx_1.o ignored.
Program Size: Code=34288 RO-data=11036 RW-data=544 ZI-data=81616  
Finished: 0 information, 1 warning and 0 error messages.
FromELF: creating hex file...
".\Objects\MAIN_BOARD.axf" - 0 Error(s), 6 Warning(s).

<h2>Collection of Component include folders:</h2>
  F:\TIDAT_Study\NCKH2015\EDESK\Version1\MDK-ARM\RTE
  C:\Keil_v5\ARM\PACK\Keil\STM32F4xx_DFP\2.9.0\Drivers\CMSIS\Device\ST\STM32F4xx\Include

<h2>Collection of Component Files used:</h2>
Build Time Elapsed:  00:00:02
</pre>
</body>
</html>
